/Users/gunta/GitHub/effect-lang/packages/effectscript/brand/film/blender-env/plain.py:65: DeprecationWarning: 'World.use_nodes' is expected to be removed in Blender 6.0
  w.use_nodes = True
00:53.551  render           | Saved: '/Users/gunta/GitHub/effect-lang/packages/effectscript/brand/film/build/blender/plain/0001.exr'
Info: Saved as "plain.blend"
[plain] frame 1 done in 52.2s
01:41.523  render           | Saved: '/Users/gunta/GitHub/effect-lang/packages/effectscript/brand/film/build/blender/plain/0002.exr'
[plain] frame 2 done in 48.0s
02:27.907  render           | Saved: '/Users/gunta/GitHub/effect-lang/packages/effectscript/brand/film/build/blender/plain/0003.exr'
[plain] frame 3 done in 46.4s
03:12.283  render           | Saved: '/Users/gunta/GitHub/effect-lang/packages/effectscript/brand/film/build/blender/plain/0004.exr'
[plain] frame 4 done in 44.4s
04:04.212  render           | Saved: '/Users/gunta/GitHub/effect-lang/packages/effectscript/brand/film/build/blender/plain/0005.exr'
[plain] frame 5 done in 51.9s
05:04.798  render           | Saved: '/Users/gunta/GitHub/effect-lang/packages/effectscript/brand/film/build/blender/plain/0006.exr'
[plain] frame 6 done in 60.6s
05:56.185  render           | Saved: '/Users/gunta/GitHub/effect-lang/packages/effectscript/brand/film/build/blender/plain/0007.exr'
[plain] frame 7 done in 51.4s
07:16.441  render           | Saved: '/Users/gunta/GitHub/effect-lang/packages/effectscript/brand/film/build/blender/plain/0008.exr'
[plain] frame 8 done in 80.3s
08:32.809  render           | Saved: '/Users/gunta/GitHub/effect-lang/packages/effectscript/brand/film/build/blender/plain/0009.exr'
[plain] frame 9 done in 76.4s
